// Jest Snapshot v1, https://goo.gl/fbAQLP

exports[`the server returns 200 code Checking an article was read 1`] = `"<div className=\\"container\\" />"`;

exports[`the server returns 200 code renders 1`] = `"<div className=\\"container\\" />"`;

exports[`the server returns 500 error renders 1`] = `"<div className=\\"container\\" />"`;

exports[`the server returns an empty list of articles renders with no articles 1`] = `"<div className=\\"container\\" />"`;
