// Jest Snapshot v1, https://goo.gl/fbAQLP

exports[`the server returns 200 code renders 1`] = `
"<div>
  <div>
     
    <Heading className=\\"component\\" text=\\"Lorem ipsum dolor sit amet, consectetur adipiscing elit\\" />
    <Paragraph className=\\"component\\" text=\\"Etiam ornare nulla in sem pharetra, vel varius magna tempus. Praesent pulvinar eget dolor vitae elementum. Donec id velit at sem gravida tristique non vitae lorem.\\" />
    <Image className=\\"component\\" url=\\"https://avatars1.githubusercontent.com/u/16746643?s=460&v=4\\" altText=\\"Vestibulum pellentesque laoreet urna, eget dignissim lorem maximus vel\\" height=\\"420\\" width=\\"640\\" />
    <List className=\\"component\\" type=\\"unordered\\" items={{...}} />
    <List className=\\"component\\" type=\\"ordered\\" items={{...}} />
  </div>
</div>"
`;
